\BOOKMARK [1][-]{section.1}{\376\377\116\313\176\315}{}% 1
\BOOKMARK [1][-]{section.2}{\376\377\166\370\121\163\135\345\117\134}{}% 2
\BOOKMARK [1][-]{section.3}{\376\377\122\035\153\145}{}% 3
\BOOKMARK [1][-]{section.4}{\376\377\145\271\154\325}{}% 4
\BOOKMARK [2][-]{subsection.4.1}{\376\377\116\316\211\306\230\221\145\160\143\156\226\306\217\333\210\114\217\150\217\371\136\372\152\041}{section.4}% 5
\BOOKMARK [2][-]{subsection.4.2}{\376\377\226\217\217\150\143\007\133\374\166\204\173\126\165\145\133\146\116\140}{section.4}% 6
\BOOKMARK [1][-]{section.5}{\376\377\133\236\232\214}{}% 7
\BOOKMARK [2][-]{subsection.5.1}{\376\377\211\306\230\221\000\040\230\204\213\255\176\303\000\040\152\041\116\377\133\146\116\140}{section.5}% 8
\BOOKMARK [2][-]{subsection.5.2}{\376\377\116\272\116\016\147\072\126\150\116\272\000,\147\072\126\150\116\272\116\016\147\072\126\150\116\272\217\154\171\373}{section.5}% 9
\BOOKMARK [2][-]{subsection.5.3}{\376\377\136\237\226\144\122\006\147\220}{section.5}% 10
\BOOKMARK [1][-]{section.6}{\376\377\226\120\122\066}{}% 11
\BOOKMARK [1][-]{section.7}{\376\377\176\323\213\272}{}% 12
\BOOKMARK [1][-]{section.8}{\376\377\213\244\123\357}{}% 13
\BOOKMARK [1][-]{section*.14}{\376\377\000A\000p\000p\000e\000n\000d\000i\000x\000\040\000A\000:\000\040\121\166\116\326\133\236\232\214\176\323\147\234}{}% 14
\BOOKMARK [2][-]{subsection.Appendix.A.1}{\376\377\152\041\142\337\133\236\232\214}{section*.14}% 15
\BOOKMARK [2][-]{subsection.Appendix.A.2}{\376\377\121\163\116\216\000U\000n\000i\000P\000i\127\372\176\277\166\204\213\250\213\272}{section*.14}% 16
\BOOKMARK [2][-]{subsection.Appendix.A.3}{\376\377\134\006\000A\000T\000M\136\224\165\050\122\060\117\040\144\255\173\126\165\145\116\055}{section*.14}% 17
\BOOKMARK [2][-]{subsection.Appendix.A.4}{\376\377\116\272\116\016\147\072\126\150\116\272\117\040\217\223\176\306\202\202}{section*.14}% 18
\BOOKMARK [1][-]{section*.24}{\376\377\000A\000p\000p\000e\000n\000d\000i\000x\000\040\000B\000:\000\040\133\236\145\275\176\306\202\202}{}% 19
\BOOKMARK [2][-]{subsection.Appendix.B.1}{\376\377\173\126\165\145\147\266\147\204}{section*.24}% 20
\BOOKMARK [2][-]{subsection.Appendix.B.2}{\376\377\165\050\160\271\217\307\217\333\210\114\147\011\145\110\213\255\176\303}{section*.24}% 21
\BOOKMARK [2][-]{subsection.Appendix.B.3}{\376\377\127\371\213\255\176\306\202\202}{section*.24}% 22
