This is XeTeX, Version 3.141592653-2.6-0.999997 (TeX Live 2025/Debian) (preloaded format=xelatex 2026.9.6)  8 SEP 2026 15:44
entering extended mode
 restricted \write18 enabled.
 %&-line parsing enabled.
**main_zh.tex
(./main_zh.tex
LaTeX2e <2025-11-01>
L3 programming layer <2026-01-19>
(./IEEEtran.cls
Document Class: IEEEtran 2007/03/05 V1.7a by Michael Shell
-- See the "IEEEtran_HOWTO" manual for usage information.
-- http://www.michaelshell.org/tex/ieeetran/
\@IEEEtrantmpdimenA=\dimen148
\@IEEEtrantmpdimenB=\dimen149
\@IEEEtrantmpcountA=\count271
\@IEEEtrantmpcountB=\count272
\@IEEEtrantmptoksA=\toks17
LaTeX Font Info:    Trying to load font information for TU+ptm on input line 36
6.
LaTeX Font Info:    No file TUptm.fd. on input line 366.

LaTeX Font Warning: Font shape `TU/ptm/m/n' undefined
(Font)              using `TU/lmr/m/n' instead on input line 366.

-- Using 8.5in x 11in (letter) paper.
-- Using DVI output.
\@IEEEnormalsizeunitybaselineskip=\dimen150
-- This is a 10 point document.
LaTeX Encoding Info:    Redeclaring text command \textunderscore (encoding ?) o
n input line 586.
\CLASSINFOnormalsizebaselineskip=\dimen151
\CLASSINFOnormalsizeunitybaselineskip=\dimen152
\IEEEnormaljot=\dimen153

LaTeX Font Warning: Font shape `TU/ptm/bx/n' undefined
(Font)              using `TU/ptm/m/n' instead on input line 724.


LaTeX Font Warning: Font shape `TU/ptm/m/it' undefined
(Font)              using `TU/ptm/m/n' instead on input line 724.


LaTeX Font Warning: Font shape `TU/ptm/bx/it' undefined
(Font)              using `TU/ptm/bx/n' instead on input line 724.

\IEEEilabelindentA=\dimen154
\IEEEilabelindentB=\dimen155
\IEEEilabelindent=\dimen156
\IEEEelabelindent=\dimen157
\IEEEdlabelindent=\dimen158
\IEEElabelindent=\dimen159
\IEEEiednormlabelsep=\dimen160
\IEEEiedmathlabelsep=\dimen161
\IEEEiedtopsep=\skip49
\c@section=\count273
\c@subsection=\count274
\c@subsubsection=\count275
\c@paragraph=\count276
\c@IEEEsubequation=\count277
\abovecaptionskip=\skip50
\belowcaptionskip=\skip51
\c@figure=\count278
\c@table=\count279
\@IEEEeqnnumcols=\count280
\@IEEEeqncolcnt=\count281
\@IEEEtmpitemindent=\dimen162
\c@IEEEbiography=\count282
\@IEEEtranrubishbin=\box53
) (/usr/share/texlive/texmf-dist/tex/latex/psnfss/times.sty
Package: times 2020/03/25 PSNFSS-v9.3 (SPQR) 
)
(/usr/share/texlive/texmf-dist/tex/latex/natbib/natbib.sty
Package: natbib 2010/09/13 8.31b (PWD, AO)
\bibhang=\skip52
\bibsep=\skip53
LaTeX Info: Redefining \cite on input line 694.
\c@NAT@ctr=\count283
)
(/usr/share/texlive/texmf-dist/tex/latex/tools/multicol.sty
Package: multicol 2025/10/21 v2.0b multicolumn formatting (FMi)
\c@tracingmulticols=\count284
\mult@box=\box54
\multicol@leftmargin=\dimen163
\c@unbalance=\count285
\c@collectmore=\count286
\doublecol@number=\count287
\multicoltolerance=\count288
\multicolpretolerance=\count289
\full@width=\dimen164
\page@free=\dimen165
\premulticols=\dimen166
\postmulticols=\dimen167
\multicolsep=\skip54
\multicolbaselineskip=\skip55
\partial@page=\box55
\last@line=\box56
\mc@boxedresult=\box57
\maxbalancingoverflow=\dimen168
\mult@rightbox=\box58
\mult@grightbox=\box59
\mult@firstbox=\box60
\mult@gfirstbox=\box61
\@tempa=\box62
\@tempa=\box63
\@tempa=\box64
\@tempa=\box65
\@tempa=\box66
\@tempa=\box67
\@tempa=\box68
\@tempa=\box69
\@tempa=\box70
\@tempa=\box71
\@tempa=\box72
\@tempa=\box73
\@tempa=\box74
\@tempa=\box75
\@tempa=\box76
\@tempa=\box77
\@tempa=\box78
\@tempa=\box79
\@tempa=\box80
\@tempa=\box81
\@tempa=\box82
\@tempa=\box83
\@tempa=\box84
\@tempa=\box85
\@tempa=\box86
\@tempa=\box87
\@tempa=\box88
\@tempa=\box89
\@tempa=\box90
\@tempa=\box91
\@tempa=\box92
\@tempa=\box93
\@tempa=\box94
\@tempa=\box95
\@tempa=\box96
\@tempa=\box97
\c@minrows=\count290
\c@columnbadness=\count291
\c@finalcolumnbadness=\count292
\last@try=\dimen169
\multicolovershoot=\dimen170
\multicolundershoot=\dimen171
\mult@nat@firstbox=\box98
\colbreak@box=\box99
\mc@col@check@num=\count293
\g__mc_curr_col_int=\count294
)
(/usr/share/texlive/texmf-dist/tex/latex/hyperref/hyperref.sty
Package: hyperref 2025-07-12 v7.01o Hypertext links for LaTeX

(/usr/share/texlive/texmf-dist/tex/generic/iftex/iftex.sty
Package: iftex 2024/12/12 v1.0g TeX engine tests
)
(/usr/share/texlive/texmf-dist/tex/latex/graphics/keyval.sty
Package: keyval 2022/05/29 v1.15 key=value parser (DPC)
\KV@toks@=\toks18
)
(/usr/share/texlive/texmf-dist/tex/latex/kvsetkeys/kvsetkeys.sty
Package: kvsetkeys 2022-10-05 v1.19 Key value parser (HO)
)
(/usr/share/texlive/texmf-dist/tex/generic/kvdefinekeys/kvdefinekeys.sty
Package: kvdefinekeys 2019-12-19 v1.6 Define keys (HO)
)
(/usr/share/texlive/texmf-dist/tex/generic/pdfescape/pdfescape.sty
Package: pdfescape 2019/12/09 v1.15 Implements pdfTeX's escape features (HO)

(/usr/share/texlive/texmf-dist/tex/generic/ltxcmds/ltxcmds.sty
Package: ltxcmds 2023-12-04 v1.26 LaTeX kernel commands for general use (HO)
)
(/usr/share/texlive/texmf-dist/tex/generic/pdftexcmds/pdftexcmds.sty
Package: pdftexcmds 2020-06-27 v0.33 Utility functions of pdfTeX for LuaTeX (HO
)

(/usr/share/texlive/texmf-dist/tex/generic/infwarerr/infwarerr.sty
Package: infwarerr 2019/12/03 v1.5 Providing info/warning/error messages (HO)
)
Package pdftexcmds Info: \pdf@primitive is available.
Package pdftexcmds Info: \pdf@ifprimitive is available.
Package pdftexcmds Info: \pdfdraftmode not found.
))
(/usr/share/texlive/texmf-dist/tex/latex/hycolor/hycolor.sty
Package: hycolor 2020-01-27 v1.10 Color options for hyperref/bookmark (HO)
)
(/usr/share/texlive/texmf-dist/tex/latex/hyperref/nameref.sty
Package: nameref 2025-06-21 v2.57 Cross-referencing by name of section

(/usr/share/texlive/texmf-dist/tex/latex/refcount/refcount.sty
Package: refcount 2019/12/15 v3.6 Data extraction from label references (HO)
)
(/usr/share/texlive/texmf-dist/tex/generic/gettitlestring/gettitlestring.sty
Package: gettitlestring 2019/12/15 v1.6 Cleanup title references (HO)

(/usr/share/texlive/texmf-dist/tex/latex/kvoptions/kvoptions.sty
Package: kvoptions 2022-06-15 v3.15 Key value format for package options (HO)
))
\c@section@level=\count295
)
(/usr/share/texlive/texmf-dist/tex/latex/etoolbox/etoolbox.sty
Package: etoolbox 2025/10/02 v2.5m e-TeX tools for LaTeX (JAW)
\etb@tempcnta=\count296
)
(/usr/share/texlive/texmf-dist/tex/generic/stringenc/stringenc.sty
Package: stringenc 2019/11/29 v1.12 Convert strings between diff. encodings (HO
)
)
\@linkdim=\dimen172
\Hy@linkcounter=\count297
\Hy@pagecounter=\count298

(/usr/share/texlive/texmf-dist/tex/latex/hyperref/pd1enc.def
File: pd1enc.def 2025-07-12 v7.01o Hyperref: PDFDocEncoding definition (HO)
)
(/usr/share/texlive/texmf-dist/tex/generic/intcalc/intcalc.sty
Package: intcalc 2019/12/15 v1.3 Expandable calculations with integers (HO)
)
\Hy@SavedSpaceFactor=\count299

(/usr/share/texlive/texmf-dist/tex/latex/hyperref/puenc.def
File: puenc.def 2025-07-12 v7.01o Hyperref: PDF Unicode definition (HO)
)
Package hyperref Info: Option `bookmarks' set `true' on input line 4066.
Package hyperref Info: Hyper figures OFF on input line 4195.
Package hyperref Info: Link nesting OFF on input line 4200.
Package hyperref Info: Hyper index ON on input line 4203.
Package hyperref Info: Plain pages OFF on input line 4210.
Package hyperref Info: Backreferencing OFF on input line 4215.
Package hyperref Info: Implicit mode ON; LaTeX internals redefined.
Package hyperref Info: Bookmarks ON on input line 4462.
\c@Hy@tempcnt=\count300

(/usr/share/texlive/texmf-dist/tex/latex/url/url.sty
\Urlmuskip=\muskip17
Package: url 2013/09/16  ver 3.4  Verb mode for urls, etc.
)
LaTeX Info: Redefining \url on input line 4801.
\XeTeXLinkMargin=\dimen173

(/usr/share/texlive/texmf-dist/tex/generic/bitset/bitset.sty
Package: bitset 2019/12/09 v1.3 Handle bit-vector datatype (HO)

(/usr/share/texlive/texmf-dist/tex/generic/bigintcalc/bigintcalc.sty
Package: bigintcalc 2019/12/15 v1.5 Expandable calculations on big integers (HO
)
))
\Fld@menulength=\count301
\Field@Width=\dimen174
\Fld@charsize=\dimen175
Package hyperref Info: Hyper figures OFF on input line 6078.
Package hyperref Info: Link nesting OFF on input line 6083.
Package hyperref Info: Hyper index ON on input line 6086.
Package hyperref Info: backreferencing OFF on input line 6093.
Package hyperref Info: Link coloring OFF on input line 6098.
Package hyperref Info: Link coloring with OCG OFF on input line 6103.
Package hyperref Info: PDF/A mode OFF on input line 6108.
\Hy@abspage=\count302
\c@Item=\count303
\c@Hfootnote=\count304
)
Package hyperref Info: Driver (autodetected): hxetex.

(/usr/share/texlive/texmf-dist/tex/latex/hyperref/hxetex.def
File: hxetex.def 2025-07-12 v7.01o Hyperref driver for XeTeX
\pdfm@box=\box100
\c@Hy@AnnotLevel=\count305
\HyField@AnnotCount=\count306
\Fld@listcount=\count307
\c@bookmark@seq@number=\count308

(/usr/share/texlive/texmf-dist/tex/latex/rerunfilecheck/rerunfilecheck.sty
Package: rerunfilecheck 2025-06-21 v1.11 Rerun checks for auxiliary files (HO)

(/usr/share/texlive/texmf-dist/tex/generic/uniquecounter/uniquecounter.sty
Package: uniquecounter 2019/12/15 v1.4 Provide unlimited unique counter (HO)
)
Package uniquecounter Info: New unique counter `rerunfilecheck' on input line 2
84.
)
\Hy@SectionHShift=\skip56
)
(/usr/share/texlive/texmf-dist/tex/latex/booktabs/booktabs.sty
Package: booktabs 2020/01/12 v1.61803398 Publication quality tables
\heavyrulewidth=\dimen176
\lightrulewidth=\dimen177
\cmidrulewidth=\dimen178
\belowrulesep=\dimen179
\belowbottomsep=\dimen180
\aboverulesep=\dimen181
\abovetopsep=\dimen182
\cmidrulesep=\dimen183
\cmidrulekern=\dimen184
\defaultaddspace=\dimen185
\@cmidla=\count309
\@cmidlb=\count310
\@aboverulesep=\dimen186
\@belowrulesep=\dimen187
\@thisruleclass=\count311
\@lastruleclass=\count312
\@thisrulewidth=\dimen188
)
(/usr/share/texlive/texmf-dist/tex/latex/float/float.sty
Package: float 2001/11/08 v1.3d Float enhancements (AL)
\c@float@type=\count313
\float@exts=\toks19
\float@box=\box101
\@float@everytoks=\toks20
\@floatcapt=\box102
)
(/usr/share/texlive/texmf-dist/tex/latex/graphics/graphicx.sty
Package: graphicx 2024/12/31 v1.2e Enhanced LaTeX Graphics (DPC,SPQR)

(/usr/share/texlive/texmf-dist/tex/latex/graphics/graphics.sty
Package: graphics 2024/08/06 v1.4g Standard LaTeX Graphics (DPC,SPQR)

(/usr/share/texlive/texmf-dist/tex/latex/graphics/trig.sty
Package: trig 2023/12/02 v1.11 sin cos tan (DPC)
)
(/usr/share/texlive/texmf-dist/tex/latex/graphics-cfg/graphics.cfg
File: graphics.cfg 2016/06/04 v1.11 sample graphics configuration
)
Package graphics Info: Driver file: xetex.def on input line 106.

(/usr/share/texlive/texmf-dist/tex/latex/graphics-def/xetex.def
File: xetex.def 2025/11/01 v5.0p Graphics/color driver for xetex
))
\Gin@req@height=\dimen189
\Gin@req@width=\dimen190
)
(/usr/share/texlive/texmf-dist/tex/latex/amsfonts/amsfonts.sty
Package: amsfonts 2013/01/14 v3.01 Basic AMSFonts support
\@emptytoks=\toks21
\symAMSa=\mathgroup4
\symAMSb=\mathgroup5
LaTeX Font Info:    Redeclaring math symbol \hbar on input line 98.
LaTeX Font Info:    Overwriting math alphabet `\mathfrak' in version `bold'
(Font)                  U/euf/m/n --> U/euf/b/n on input line 106.
)
(/usr/share/texlive/texmf-dist/tex/latex/bbding/bbding.sty
Package: bbding 1999/04/15 v1.01 Dingbats symbols
)
(/usr/share/texlive/texmf-dist/tex/latex/multirow/multirow.sty
Package: multirow 2024/11/12 v2.9 Span multiple rows of a table
\multirow@colwidth=\skip57
\multirow@cntb=\count314
\multirow@dima=\skip58
\bigstrutjot=\dimen191
)
(/usr/share/texlive/texmf-dist/tex/latex/makecell/makecell.sty
Package: makecell 2009/08/03 V0.1e Managing of Tab Column Heads and Cells

(/usr/share/texlive/texmf-dist/tex/latex/tools/array.sty
Package: array 2025/09/25 v2.6n Tabular extension package (FMi)
\col@sep=\dimen192
\ar@mcellbox=\box103
\extrarowheight=\dimen193
\NC@list=\toks22
\extratabsurround=\skip59
\backup@length=\skip60
\ar@cellbox=\box104
)
\rotheadsize=\dimen194
\c@nlinenum=\count315
\TeXr@lab=\toks23
)
(/usr/share/texlive/texmf-dist/tex/latex/caption/caption.sty
Package: caption 2023/08/05 v3.6o Customizing captions (AR)

(/usr/share/texlive/texmf-dist/tex/latex/caption/caption3.sty
Package: caption3 2023/07/31 v2.4d caption3 kernel (AR)
\caption@tempdima=\dimen195
\captionmargin=\dimen196
\caption@leftmargin=\dimen197
\caption@rightmargin=\dimen198
\caption@width=\dimen199
\caption@indent=\dimen256
\caption@parindent=\dimen257
\caption@hangindent=\dimen258
Package caption Info: Unknown document class (or package),
(caption)             standard defaults will be used.
Package caption Info: \@makecaption = \long macro:#1#2->\ifx \@captype \@IEEEta
blestring \footnotesize \begin {center}{\normalfont \footnotesize #1}\\{\normal
font \footnotesize \scshape #2}\end {center}\@IEEEtablecaptionsepspace \else \@
IEEEfigurecaptionsepspace \setbox \@tempboxa \hbox {\normalfont \footnotesize {
#1.}~~ #2}\ifdim \wd \@tempboxa >\hsize \setbox \@tempboxa \hbox {\normalfont \
footnotesize {#1.}~~ }\parbox [t]{\hsize }{\normalfont \footnotesize \noindent 
\unhbox \@tempboxa #2}\else \ifCLASSOPTIONconference \hbox to\hsize {\normalfon
t \footnotesize \hfil \box \@tempboxa \hfil }\else \hbox to\hsize {\normalfont 
\footnotesize \box \@tempboxa \hfil }\fi \fi \fi  on input line 1175.
)

Package caption Warning: Unknown document class (or package),
(caption)                standard defaults will be used.
See the caption package documentation for explanation.

\c@caption@flags=\count316
\c@continuedfloat=\count317
Package caption Info: float package is loaded.
Package caption Info: hyperref package is loaded.
) (/usr/share/texlive/texmf-dist/tex/latex/amsmath/amsmath.sty
Package: amsmath 2025/07/09 v2.17z AMS math features
\@mathmargin=\skip61

For additional information on amsmath, use the `?' option.
(/usr/share/texlive/texmf-dist/tex/latex/amsmath/amstext.sty
Package: amstext 2024/11/17 v2.01 AMS text

(/usr/share/texlive/texmf-dist/tex/latex/amsmath/amsgen.sty
File: amsgen.sty 1999/11/30 v2.0 generic functions
\@emptytoks=\toks24
\ex@=\dimen259
))
(/usr/share/texlive/texmf-dist/tex/latex/amsmath/amsbsy.sty
Package: amsbsy 1999/11/29 v1.2d Bold Symbols
\pmbraise@=\dimen260
)
(/usr/share/texlive/texmf-dist/tex/latex/amsmath/amsopn.sty
Package: amsopn 2022/04/08 v2.04 operator names
)
\inf@bad=\count318
LaTeX Info: Redefining \frac on input line 233.
\uproot@=\count319
\leftroot@=\count320
LaTeX Info: Redefining \overline on input line 398.
LaTeX Info: Redefining \colon on input line 409.
\classnum@=\count321
\DOTSCASE@=\count322
LaTeX Info: Redefining \ldots on input line 495.
LaTeX Info: Redefining \dots on input line 498.
LaTeX Info: Redefining \cdots on input line 619.
\Mathstrutbox@=\box105
\strutbox@=\box106
LaTeX Info: Redefining \big on input line 721.
LaTeX Info: Redefining \Big on input line 722.
LaTeX Info: Redefining \bigg on input line 723.
LaTeX Info: Redefining \Bigg on input line 724.
\big@size=\dimen261
LaTeX Font Info:    Redeclaring font encoding OML on input line 742.
LaTeX Font Info:    Redeclaring font encoding OMS on input line 743.
\macc@depth=\count323
LaTeX Info: Redefining \bmod on input line 904.
LaTeX Info: Redefining \pmod on input line 909.
LaTeX Info: Redefining \smash on input line 939.
LaTeX Info: Redefining \relbar on input line 969.
LaTeX Info: Redefining \Relbar on input line 970.
\c@MaxMatrixCols=\count324
\dotsspace@=\muskip18
\c@parentequation=\count325
\dspbrk@lvl=\count326
\tag@help=\toks25
\row@=\count327
\column@=\count328
\maxfields@=\count329
\andhelp@=\toks26
\eqnshift@=\dimen262
\alignsep@=\dimen263
\tagshift@=\dimen264
\tagwidth@=\dimen265
\totwidth@=\dimen266
\lineht@=\dimen267
\@envbody=\toks27
\multlinegap=\skip62
\multlinetaggap=\skip63
\mathdisplay@stack=\toks28
LaTeX Info: Redefining \[ on input line 2950.
LaTeX Info: Redefining \] on input line 2951.
)
(/usr/share/texlive/texmf-dist/tex/latex/xcolor/xcolor.sty
Package: xcolor 2024/09/29 v3.02 LaTeX color extensions (UK)

(/usr/share/texlive/texmf-dist/tex/latex/graphics-cfg/color.cfg
File: color.cfg 2016/01/02 v1.6 sample color configuration
)
Package xcolor Info: Driver file: xetex.def on input line 274.

(/usr/share/texlive/texmf-dist/tex/latex/graphics/mathcolor.ltx)
Package xcolor Info: Model `cmy' substituted by `cmy0' on input line 1349.
Package xcolor Info: Model `RGB' extended on input line 1365.
Package xcolor Info: Model `HTML' substituted by `rgb' on input line 1367.
Package xcolor Info: Model `Hsb' substituted by `hsb' on input line 1368.
Package xcolor Info: Model `tHsb' substituted by `hsb' on input line 1369.
Package xcolor Info: Model `HSB' substituted by `hsb' on input line 1370.
Package xcolor Info: Model `Gray' substituted by `gray' on input line 1371.
Package xcolor Info: Model `wave' substituted by `hsb' on input line 1372.
)
(/usr/share/texlive/texmf-dist/tex/xelatex/xecjk/xeCJK.sty
(/usr/share/texlive/texmf-dist/tex/latex/l3kernel/expl3.sty
Package: expl3 2026-01-19 L3 programming layer (loader) 

(/usr/share/texlive/texmf-dist/tex/latex/l3backend/l3backend-xetex.def
File: l3backend-xetex.def 2025-10-09 L3 backend support: XeTeX
\g__graphics_track_int=\count330
\g__pdfannot_backend_int=\count331
\g__pdfannot_backend_link_int=\count332
))
Package: xeCJK 2022/08/05 v3.9.1 Typesetting CJK scripts with XeLaTeX

(/usr/share/texlive/texmf-dist/tex/latex/ctex/ctexhook.sty
Package: ctexhook 2022/07/14 v2.5.10 Document and package hooks (CTEX)
)
(/usr/share/texlive/texmf-dist/tex/latex/l3packages/xtemplate/xtemplate.sty
Package: xtemplate 2025-10-09 L3 Experimental prototype document functions
)
\l__xeCJK_tmp_int=\count333
\l__xeCJK_tmp_box=\box107
\l__xeCJK_tmp_dim=\dimen268
\l__xeCJK_tmp_skip=\skip64
\g__xeCJK_space_factor_int=\count334
\l__xeCJK_begin_int=\count335
\l__xeCJK_end_int=\count336
\c__xeCJK_CJK_class_int=\XeTeXcharclass1
\c__xeCJK_FullLeft_class_int=\XeTeXcharclass2
\c__xeCJK_FullRight_class_int=\XeTeXcharclass3
\c__xeCJK_HalfLeft_class_int=\XeTeXcharclass4
\c__xeCJK_HalfRight_class_int=\XeTeXcharclass5
\c__xeCJK_NormalSpace_class_int=\XeTeXcharclass6
\c__xeCJK_CM_class_int=\XeTeXcharclass7
\c__xeCJK_HangulJamo_class_int=\XeTeXcharclass8
\l__xeCJK_last_skip=\skip65
\c__xeCJK_none_node=\count337
\g__xeCJK_node_int=\count338
\c__xeCJK_CJK_node_dim=\dimen269
\c__xeCJK_CJK-space_node_dim=\dimen270
\c__xeCJK_default_node_dim=\dimen271
\c__xeCJK_CJK-widow_node_dim=\dimen272
\c__xeCJK_normalspace_node_dim=\dimen273
\c__xeCJK_default-space_node_skip=\skip66
\l__xeCJK_ccglue_skip=\skip67
\l__xeCJK_ecglue_skip=\skip68
\l__xeCJK_punct_kern_skip=\skip69
\l__xeCJK_indent_box=\box108
\l__xeCJK_last_penalty_int=\count339
\l__xeCJK_last_bound_dim=\dimen274
\l__xeCJK_last_kern_dim=\dimen275
\l__xeCJK_widow_penalty_int=\count340

LaTeX template Info: Declaring template type 'xeCJK/punctuation' taking 0
(template)           argument(s) on line 2396.

\l__xeCJK_fixed_punct_width_dim=\dimen276
\l__xeCJK_mixed_punct_width_dim=\dimen277
\l__xeCJK_middle_punct_width_dim=\dimen278
\l__xeCJK_fixed_margin_width_dim=\dimen279
\l__xeCJK_mixed_margin_width_dim=\dimen280
\l__xeCJK_middle_margin_width_dim=\dimen281
\l__xeCJK_bound_punct_width_dim=\dimen282
\l__xeCJK_bound_margin_width_dim=\dimen283
\l__xeCJK_margin_minimum_dim=\dimen284
\l__xeCJK_kerning_total_width_dim=\dimen285
\l__xeCJK_same_align_margin_dim=\dimen286
\l__xeCJK_different_align_margin_dim=\dimen287
\l__xeCJK_kerning_margin_width_dim=\dimen288
\l__xeCJK_kerning_margin_minimum_dim=\dimen289
\l__xeCJK_bound_dim=\dimen290
\l__xeCJK_reverse_bound_dim=\dimen291
\l__xeCJK_margin_dim=\dimen292
\l__xeCJK_minimum_bound_dim=\dimen293
\l__xeCJK_kerning_margin_dim=\dimen294
\g__xeCJK_family_int=\count341
\l__xeCJK_fam_int=\count342
\g__xeCJK_fam_allocation_int=\count343
\l__xeCJK_verb_case_int=\count344
\l__xeCJK_verb_exspace_skip=\skip70

(/usr/share/texlive/texmf-dist/tex/latex/fontspec/fontspec.sty
(/usr/share/texlive/texmf-dist/tex/latex/l3packages/xparse/xparse.sty
Package: xparse 2025-10-09 L3 Experimental document command parser
)
Package: fontspec 2025/09/29 v2.9g Font selection for XeLaTeX and LuaLaTeX

(/usr/share/texlive/texmf-dist/tex/latex/fontspec/fontspec-xetex.sty
Package: fontspec-xetex 2025/09/29 v2.9g Font selection for XeLaTeX and LuaLaTe
X
\l__fontspec_script_int=\count345
\l__fontspec_language_int=\count346
\l__fontspec_strnum_int=\count347
\l__fontspec_tmp_int=\count348
\l__fontspec_tmpa_int=\count349
\l__fontspec_tmpb_int=\count350
\l__fontspec_tmpc_int=\count351
\l__fontspec_em_int=\count352
\l__fontspec_emdef_int=\count353
\l__fontspec_strong_int=\count354
\l__fontspec_strongdef_int=\count355
\l__fontspec_tmpa_dim=\dimen295
\l__fontspec_tmpb_dim=\dimen296
\l__fontspec_tmpc_dim=\dimen297

(/usr/share/texlive/texmf-dist/tex/latex/base/fontenc.sty
Package: fontenc 2025/07/18 v2.1d Standard LaTeX package
)
(/usr/share/texlive/texmf-dist/tex/latex/fontspec/fontspec.cfg)))
(/usr/share/texlive/texmf-dist/tex/xelatex/xecjk/xeCJK.cfg
File: xeCJK.cfg 2022/08/05 v3.9.1 Configuration file for xeCJK package
))

Package fontspec Info: 
(fontspec)             Could not resolve font "Noto Serif CJK SC/I" (it
(fontspec)             probably doesn't exist).


Package fontspec Info: 
(fontspec)             Font family 'NotoSerifCJKSC(0)' created for font 'Noto
(fontspec)             Serif CJK SC' with options [Script={CJK}].
(fontspec)              
(fontspec)              This font family consists of the following NFSS
(fontspec)             series/shapes:
(fontspec)              
(fontspec)             - 'normal' (m/n) with NFSS spec.: <->"Noto Serif CJK
(fontspec)             SC/OT:script=hani;language=dflt;"
(fontspec)             - 'bold' (b/n) with NFSS spec.: <->"Noto Serif CJK
(fontspec)             SC/B/OT:script=hani;language=dflt;"
(fontspec)             - 'bold italic' (b/it) with NFSS spec.: <->"Noto Serif
(fontspec)             CJK SC/BI/OT:script=hani;language=dflt;"

 (./main_zh.aux)
\openout1 = `main_zh.aux'.

LaTeX Font Info:    Checking defaults for OML/cmm/m/it on input line 43.
LaTeX Font Info:    ... okay on input line 43.
LaTeX Font Info:    Checking defaults for OMS/cmsy/m/n on input line 43.
LaTeX Font Info:    ... okay on input line 43.
LaTeX Font Info:    Checking defaults for OT1/cmr/m/n on input line 43.
LaTeX Font Info:    ... okay on input line 43.
LaTeX Font Info:    Checking defaults for T1/cmr/m/n on input line 43.
LaTeX Font Info:    ... okay on input line 43.
LaTeX Font Info:    Checking defaults for TS1/cmr/m/n on input line 43.
LaTeX Font Info:    ... okay on input line 43.
LaTeX Font Info:    Checking defaults for TU/lmr/m/n on input line 43.
LaTeX Font Info:    ... okay on input line 43.
LaTeX Font Info:    Checking defaults for OMX/cmex/m/n on input line 43.
LaTeX Font Info:    ... okay on input line 43.
LaTeX Font Info:    Checking defaults for U/cmr/m/n on input line 43.
LaTeX Font Info:    ... okay on input line 43.
LaTeX Font Info:    Checking defaults for PD1/pdf/m/n on input line 43.
LaTeX Font Info:    ... okay on input line 43.
LaTeX Font Info:    Checking defaults for PU/pdf/m/n on input line 43.
LaTeX Font Info:    ... okay on input line 43.
Package hyperref Info: Link coloring OFF on input line 43.

(./main_zh.out) (./main_zh.out)
\@outlinefile=\write3
\openout3 = `main_zh.out'.



Package hyperref Warning: Rerun to get /PageLabels entry.

Package caption Info: Begin \AtBeginDocument code.
Package caption Info: End \AtBeginDocument code.

Package fontspec Info: 
(fontspec)             Adjusting the maths setup (use [no-math] to avoid
(fontspec)             this).

\symlegacymaths=\mathgroup6
LaTeX Font Info:    Overwriting symbol font `legacymaths' in version `bold'
(Font)                  OT1/cmr/m/n --> OT1/cmr/bx/n on input line 43.
LaTeX Font Info:    Redeclaring math accent \acute on input line 43.
LaTeX Font Info:    Redeclaring math accent \grave on input line 43.
LaTeX Font Info:    Redeclaring math accent \ddot on input line 43.
LaTeX Font Info:    Redeclaring math accent \tilde on input line 43.
LaTeX Font Info:    Redeclaring math accent \bar on input line 43.
LaTeX Font Info:    Redeclaring math accent \breve on input line 43.
LaTeX Font Info:    Redeclaring math accent \check on input line 43.
LaTeX Font Info:    Redeclaring math accent \hat on input line 43.
LaTeX Font Info:    Redeclaring math accent \dot on input line 43.
LaTeX Font Info:    Redeclaring math accent \mathring on input line 43.
LaTeX Font Info:    Redeclaring math symbol \Gamma on input line 43.
LaTeX Font Info:    Redeclaring math symbol \Delta on input line 43.
LaTeX Font Info:    Redeclaring math symbol \Theta on input line 43.
LaTeX Font Info:    Redeclaring math symbol \Lambda on input line 43.
LaTeX Font Info:    Redeclaring math symbol \Xi on input line 43.
LaTeX Font Info:    Redeclaring math symbol \Pi on input line 43.
LaTeX Font Info:    Redeclaring math symbol \Sigma on input line 43.
LaTeX Font Info:    Redeclaring math symbol \Upsilon on input line 43.
LaTeX Font Info:    Redeclaring math symbol \Phi on input line 43.
LaTeX Font Info:    Redeclaring math symbol \Psi on input line 43.
LaTeX Font Info:    Redeclaring math symbol \Omega on input line 43.
LaTeX Font Info:    Redeclaring math symbol \mathdollar on input line 43.
LaTeX Font Info:    Redeclaring symbol font `operators' on input line 43.
LaTeX Font Info:    Encoding `OT1' has changed to `TU' for symbol font
(Font)              `operators' in the math version `normal' on input line 43.
LaTeX Font Info:    Overwriting symbol font `operators' in version `normal'
(Font)                  OT1/cmr/m/n --> TU/lmr/m/n on input line 43.
LaTeX Font Info:    Encoding `OT1' has changed to `TU' for symbol font
(Font)              `operators' in the math version `bold' on input line 43.
LaTeX Font Info:    Overwriting symbol font `operators' in version `bold'
(Font)                  OT1/cmr/bx/n --> TU/lmr/m/n on input line 43.
LaTeX Font Info:    Overwriting symbol font `operators' in version `normal'
(Font)                  TU/lmr/m/n --> TU/lmr/m/n on input line 43.
LaTeX Font Info:    Overwriting math alphabet `\mathit' in version `normal'
(Font)                  OT1/cmr/m/it --> TU/lmr/m/it on input line 43.
LaTeX Font Info:    Overwriting math alphabet `\mathbf' in version `normal'
(Font)                  OT1/cmr/bx/n --> TU/lmr/b/n on input line 43.
LaTeX Font Info:    Overwriting math alphabet `\mathsf' in version `normal'
(Font)                  OT1/cmss/m/n --> TU/lmss/m/n on input line 43.
LaTeX Font Info:    Overwriting math alphabet `\mathtt' in version `normal'
(Font)                  OT1/cmtt/m/n --> TU/lmtt/m/n on input line 43.
LaTeX Font Info:    Overwriting symbol font `operators' in version `bold'
(Font)                  TU/lmr/m/n --> TU/lmr/b/n on input line 43.
LaTeX Font Info:    Overwriting math alphabet `\mathit' in version `bold'
(Font)                  OT1/cmr/bx/it --> TU/lmr/b/it on input line 43.
LaTeX Font Info:    Overwriting math alphabet `\mathsf' in version `bold'
(Font)                  OT1/cmss/bx/n --> TU/lmss/b/n on input line 43.
LaTeX Font Info:    Overwriting math alphabet `\mathtt' in version `bold'
(Font)                  OT1/cmtt/m/n --> TU/lmtt/b/n on input line 43.
LaTeX Font Info:    Calculating math sizes for size <11> on input line 106.
LaTeX Font Info:    Trying to load font information for U+msa on input line 106
.
(/usr/share/texlive/texmf-dist/tex/latex/amsfonts/umsa.fd
File: umsa.fd 2013/01/14 v3.01 AMS symbols A
)
LaTeX Font Info:    Trying to load font information for U+msb on input line 106
.

(/usr/share/texlive/texmf-dist/tex/latex/amsfonts/umsb.fd
File: umsb.fd 2013/01/14 v3.01 AMS symbols B
)
File: fig/pull.pdf Graphic file (type pdf)
<use fig/pull.pdf>


Package hyperref Warning: Ignoring empty anchor on input line 110.


LaTeX Font Warning: Font shape `TU/NotoSerifCJKSC(0)/m/sc' undefined
(Font)              using `TU/NotoSerifCJKSC(0)/m/n' instead on input line 115.



Package natbib Warning: Citation `kirillov2023segment' on page 1 undefined on i
nput line 116.


Package natbib Warning: Citation `brown2020language' on page 1 undefined on inp
ut line 116.


Package natbib Warning: Citation `brohan2022rt' on page 1 undefined on input li
ne 116.


Package natbib Warning: Citation `padalkar2023open' on page 1 undefined on inpu
t line 116.


Package natbib Warning: Citation `fang2023rh20t' on page 1 undefined on input l
ine 116.


Package natbib Warning: Citation `mandlekar2021matters' on page 1 undefined on 
input line 116.


Package natbib Warning: Citation `brohan2022rt' on page 1 undefined on input li
ne 116.


Package natbib Warning: Citation `zhang2018deep' on page 1 undefined on input l
ine 116.


Package natbib Warning: Citation `wu2023gello' on page 1 undefined on input lin
e 116.


Package natbib Warning: Citation `brohan2022rt' on page 1 undefined on input li
ne 116.


Package natbib Warning: Citation `sermanet2018tcn' on page 1 undefined on input
 line 118.


Package natbib Warning: Citation `nair2023r3m' on page 1 undefined on input lin
e 118.


Package natbib Warning: Citation `seo2022reinforcement' on page 1 undefined on 
input line 118.


Package natbib Warning: Citation `du2023unipi' on page 1 undefined on input lin
e 118.


Package natbib Warning: Citation `yang2023learning' on page 1 undefined on inpu
t line 118.


Package natbib Warning: Citation `Escontrela23arXiv_VIPER' on page 1 undefined 
on input line 118.


Package natbib Warning: Citation `du2023unipi' on page 1 undefined on input lin
e 118.


Package natbib Warning: Citation `du2023unipi' on page 1 undefined on input lin
e 118.


Package natbib Warning: Citation `black2023zero' on page 1 undefined on input l
ine 118.


Package natbib Warning: Citation `karaev2023cotracker' on page 1 undefined on i
nput line 120.


Underfull \vbox (badness 10000) has occurred while \output is active []

 [1


]

Package natbib Warning: Citation `reed2022generalist' on page 2 undefined on in
put line 128.


Package natbib Warning: Citation `brohan2022rt' on page 2 undefined on input li
ne 128.


Package natbib Warning: Citation `walke2023bridgedata' on page 2 undefined on i
nput line 128.


Package natbib Warning: Citation `qin2020keto' on page 2 undefined on input lin
e 128.


Package natbib Warning: Citation `manuelli2020keypoints' on page 2 undefined on
 input line 128.


Package natbib Warning: Citation `lin2021VCD' on page 2 undefined on input line
 128.


Package natbib Warning: Citation `huang2022medor' on page 2 undefined on input 
line 128.


Package natbib Warning: Citation `li20213d' on page 2 undefined on input line 1
28.


Package natbib Warning: Citation `rashid2023language' on page 2 undefined on in
put line 128.


Package natbib Warning: Citation `aguiar2007trajectory' on page 2 undefined on 
input line 128.


Package natbib Warning: Citation `peng2018deepmimic' on page 2 undefined on inp
ut line 128.


Package natbib Warning: Citation `goyal2022ifor' on page 2 undefined on input l
ine 128.


Package natbib Warning: Citation `seita2023toolflownet' on page 2 undefined on 
input line 128.


Package natbib Warning: Citation `gu2023rt' on page 2 undefined on input line 1
28.


Package natbib Warning: Citation `vecerik2023robotap' on page 2 undefined on in
put line 128.


Package natbib Warning: Citation `schmeckpeper2019learning' on page 2 undefined
 on input line 130.


Package natbib Warning: Citation `baker2022vpt' on page 2 undefined on input li
ne 130.


Package natbib Warning: Citation `torabi2018behavioral' on page 2 undefined on 
input line 130.


Package natbib Warning: Citation `schmidt2024learning' on page 2 undefined on i
nput line 130.


Package natbib Warning: Citation `sermanet2017tcn' on page 2 undefined on input
 line 130.


Package natbib Warning: Citation `nair2023r3m' on page 2 undefined on input lin
e 130.


Package natbib Warning: Citation `ma2023vip' on page 2 undefined on input line 
130.


Package natbib Warning: Citation `du2023unipi' on page 2 undefined on input lin
e 130.


Package natbib Warning: Citation `Ko2023Learning' on page 2 undefined on input 
line 130.


Package natbib Warning: Citation `bharadhwaj2023zero' on page 2 undefined on in
put line 130.


Package natbib Warning: Citation `yang2023learning' on page 2 undefined on inpu
t line 130.


Package natbib Warning: Citation `Escontrela23arXiv_VIPER' on page 2 undefined 
on input line 130.


Package natbib Warning: Citation `xiong2021learning' on page 2 undefined on inp
ut line 132.


Package natbib Warning: Citation `shao2021concept2robot' on page 2 undefined on
 input line 132.


Package natbib Warning: Citation `mendonca2023structured' on page 2 undefined o
n input line 132.


Package natbib Warning: Citation `bahl418affordances' on page 2 undefined on in
put line 132.


Package natbib Warning: Citation `shaw2023videodex' on page 2 undefined on inpu
t line 132.


Package natbib Warning: Citation `wang2023mimicplay' on page 2 undefined on inp
ut line 132.

File: fig/system.pdf Graphic file (type pdf)
<use fig/system.pdf>

Underfull \hbox (badness 1953) in paragraph at lines 144--145
[]\TU/NotoSerifCJKSC(0)/m/n/10 首 先\TU/ptm/bx/it/10 , \TU/NotoSerifCJKSC(0)/m/n/
10 我 们 将 无 动 作 视 频 数 据 集 表 示 为 $\OMS/cmsy/m/n/10 T[] \OT1/cmr/m/n/10 =
 []


Package natbib Warning: Citation `harley2022particle' on page 2 undefined on in
put line 151.


Package natbib Warning: Citation `doersch2023tapvid' on page 2 undefined on inp
ut line 151.


Package natbib Warning: Citation `doersch2023tapir' on page 2 undefined on inpu
t line 151.


Package natbib Warning: Citation `wang2023tracking' on page 2 undefined on inpu
t line 151.


Package natbib Warning: Citation `zheng2023pointodyssey' on page 2 undefined on
 input line 151.


Package natbib Warning: Citation `karaev2023cotracker' on page 2 undefined on i
nput line 151.


Package natbib Warning: Citation `sermanet2017tcn' on page 2 undefined on input
 line 154.


Package natbib Warning: Citation `nair2023r3m' on page 2 undefined on input lin
e 154.


Package natbib Warning: Citation `ma2023vip' on page 2 undefined on input line 
154.


Package natbib Warning: Citation `du2023unipi' on page 2 undefined on input lin
e 154.


Package natbib Warning: Citation `Ko2023Learning' on page 2 undefined on input 
line 154.


Package natbib Warning: Citation `black2023zero' on page 2 undefined on input l
ine 154.


LaTeX Warning: Reference `fig:system' on page 2 undefined on input line 156.


LaTeX Warning: Reference `sec:track-model' on page 2 undefined on input line 15
8.


LaTeX Warning: Reference `sec:track-policy' on page 2 undefined on input line 1
58.


LaTeX Font Warning: Font shape `TU/NotoSerifCJKSC(0)/m/it' undefined
(Font)              using `TU/NotoSerifCJKSC(0)/m/n' instead on input line 160.



LaTeX Warning: Reference `fig:system' on page 2 undefined on input line 161.

[2]

LaTeX Warning: Reference `sec:prelim' on page 3 undefined on input line 164.


Package natbib Warning: Citation `devlin2019-bert' on page 3 undefined on input
 line 167.


Package natbib Warning: Citation `he2022masked' on page 3 undefined on input li
ne 167.


Underfull \vbox (badness 10000) has occurred while \output is active []



Package natbib Warning: Citation `vecerik2023robotap' on page 3 undefined on in
put line 173.

File: fig/simplified_track_policy.pdf Graphic file (type pdf)
<use fig/simplified_track_policy.pdf>

LaTeX Warning: Reference `fig:track_policy' on page 3 undefined on input line 1
83.


Package natbib Warning: Citation `liu2023libero' on page 3 undefined on input l
ine 183.


Package natbib Warning: Citation `kim2021vilt' on page 3 undefined on input lin
e 183.


Package natbib Warning: Citation `lin2023spawnnet' on page 3 undefined on input
 line 183.


Package natbib Warning: Citation `nair2023r3m' on page 3 undefined on input lin
e 183.


Package natbib Warning: Citation `ma2023vip' on page 3 undefined on input line 
183.

[3]

LaTeX Warning: Reference `sec:video_bc' on page 4 undefined on input line 192.


LaTeX Warning: Reference `sec:human_video' on page 4 undefined on input line 19
2.


LaTeX Warning: Reference `sec:ablation' on page 4 undefined on input line 192.

File: fig/sim_exp.pdf Graphic file (type pdf)
<use fig/sim_exp.pdf>

Package natbib Warning: Citation `liu2023libero' on page 4 undefined on input l
ine 197.


Package natbib Warning: Citation `liu2023libero' on page 4 undefined on input l
ine 197.

File: fig/real_exp.pdf Graphic file (type pdf)
<use fig/real_exp.pdf>

Package natbib Warning: Citation `liu2023libero' on page 4 undefined on input l
ine 209.


Package natbib Warning: Citation `devlin2019-bert' on page 4 undefined on input
 line 211.


Package natbib Warning: Citation `nair2023r3m' on page 4 undefined on input lin
e 216.


Package natbib Warning: Citation `baker2022vpt' on page 4 undefined on input li
ne 217.


Package natbib Warning: Citation `du2023unipi' on page 4 undefined on input lin
e 218.


Package natbib Warning: Citation `Ko2023Learning' on page 4 undefined on input 
line 218.


Package natbib Warning: Citation `black2023zero' on page 4 undefined on input l
ine 218.


Package natbib Warning: Citation `Ko2023Learning' on page 4 undefined on input 
line 218.


LaTeX Warning: Reference `fig:sim_exp' on page 4 undefined on input line 221.


Package natbib Warning: Citation `Chi2023diffusion' on page 4 undefined on inpu
t line 223.


LaTeX Warning: Reference `fig:diff-policy-results' on page 4 undefined on input
 line 223.

File: fig/libero-diffpolicy-success-rate.pdf Graphic file (type pdf)
<use fig/libero-diffpolicy-success-rate.pdf>

LaTeX Warning: Reference `fig:real_exp' on page 4 undefined on input line 232.


Package natbib Warning: Citation `wu2023gello' on page 4 undefined on input lin
e 232.


Package natbib Warning: Citation `robomimic2021' on page 4 undefined on input l
ine 232.


Package natbib Warning: Citation `lin2023spawnnet' on page 4 undefined on input
 line 232.


LaTeX Warning: Reference `fig:real_exp' on page 4 undefined on input line 232.

File: fig/human_video.pdf Graphic file (type pdf)
<use fig/human_video.pdf>
File: fig/rob-rob.pdf Graphic file (type pdf)
<use fig/rob-rob.pdf>
LaTeX Font Info:    Trying to load font information for U+ding on input line 25
5.
(/usr/share/texlive/texmf-dist/tex/latex/bbding/Uding.fd
File: Uding.fd 1996/02/01 v1.0 BBding font definitions
)

LaTeX Warning: Reference `fig:human_video' on page 4 undefined on input line 26
4.


LaTeX Warning: Reference `tab:human-robot-result' on page 4 undefined on input 
line 264.


LaTeX Warning: Reference `fig:rob-rob' on page 4 undefined on input line 264.

[4]
File: fig/libero-num-demos-with-bound.pdf Graphic file (type pdf)
<use fig/libero-num-demos-with-bound.pdf>


LaTeX Warning: Reference `fig:libero-track-len' on page 5 undefined on input li
ne 278.

[5]
File: fig/libero-track-length-longer.pdf Graphic file (type pdf)
<use fig/libero-track-length-longer.pdf>


LaTeX Warning: Reference `fig:track_policy' on page 6 undefined on input line 3
03.


LaTeX Warning: Reference `fig:track_policy' on page 6 undefined on input line 3
03.


LaTeX Warning: Reference `fig:libero-track-len' on page 6 undefined on input li
ne 317.


LaTeX Warning: Reference `tab:ablation-mask-ratio' on page 6 undefined on input
 line 320.


Underfull \vbox (badness 3861) has occurred while \output is active []



LaTeX Warning: Reference `fig:track_policy' on page 6 undefined on input line 3
22.


LaTeX Warning: Reference `tab:arch-ablation' on page 6 undefined on input line 
322.

[6]
No file main_zh.bbl.
[7

] [8

]

LaTeX Warning: Reference `tab:libero-results' on page 9 undefined on input line
 346.


LaTeX Warning: Reference `sec:app:unipi' on page 9 undefined on input line 346.



LaTeX Warning: Reference `fig:policy-attention-map' on page 9 undefined on inpu
t line 348.


Package natbib Warning: Citation `du2023unipi' on page 9 undefined on input lin
e 353.


Package natbib Warning: Citation `Ko2023Learning' on page 9 undefined on input 
line 353.


Package natbib Warning: Citation `black2023zero' on page 9 undefined on input l
ine 373.


LaTeX Warning: Reference `tab:libero-results' on page 9 undefined on input line
 373.


LaTeX Warning: Reference `tab:runtime' on page 9 undefined on input line 373.

File: fig/attention_map.pdf Graphic file (type pdf)
<use fig/attention_map.pdf>

Package natbib Warning: Citation `nair2023r3m' on page 9 undefined on input lin
e 395.


Package natbib Warning: Citation `baker2022vpt' on page 9 undefined on input li
ne 396.


Package natbib Warning: Citation `du2023unipi' on page 9 undefined on input lin
e 397.


Package natbib Warning: Citation `Ko2023Learning' on page 9 undefined on input 
line 397.


Package natbib Warning: Citation `black2023zero' on page 9 undefined on input l
ine 398.

File: fig/track_policy_app_simpler.pdf Graphic file (type pdf)
<use fig/track_policy_app_simpler.pdf>
File: fig/filtering.pdf Graphic file (type pdf)
<use fig/filtering.pdf>

Package natbib Warning: Citation `liu2023libero' on page 9 undefined on input l
ine 422.


Package natbib Warning: Citation `Chi2023diffusion' on page 9 undefined on inpu
t line 422.


LaTeX Warning: Reference `fig:sim_exp' on page 9 undefined on input line 422.


LaTeX Warning: Reference `tab:diff-policy' on page 9 undefined on input line 42
4.


LaTeX Warning: Reference `tab:human-robot-result' on page 9 undefined on input 
line 443.


LaTeX Warning: Reference `fig:human_video_supp' on page 9 undefined on input li
ne 445.


LaTeX Warning: Reference `fig:tt-attention-map' on page 9 undefined on input li
ne 447.

File: fig/human_video_attn_rebuttal.pdf Graphic file (type pdf)
<use fig/human_video_attn_rebuttal.pdf>
File: fig/human_video_supp_3task.pdf Graphic file (type pdf)
<use fig/human_video_supp_3task.pdf>

Package natbib Warning: Citation `liu2023libero' on page 9 undefined on input l
ine 522.


Package natbib Warning: Citation `kim2021vilt' on page 9 undefined on input lin
e 522.


LaTeX Warning: Reference `fig:arch-appendix' on page 9 undefined on input line 
522.


Underfull \hbox (badness 10000) in paragraph at lines 521--523

 []


Underfull \hbox (badness 10000) in paragraph at lines 524--525

 []


Underfull \hbox (badness 10000) in paragraph at lines 526--527

 []

[9


]
Underfull \hbox (badness 10000) in paragraph at lines 528--529

 []


LaTeX Warning: Reference `fig:filtering' on page 10 undefined on input line 531
.


LaTeX Warning: Reference `tab:tt-hyperparameter' on page 10 undefined on input 
line 535.


LaTeX Warning: Reference `tab:policy-hyperparameter' on page 10 undefined on in
put line 535.


Package natbib Warning: Citation `karaev2023cotracker' on page 10 undefined on 
input line 537.


Package natbib Warning: Citation `wen2022primenet' on page 10 undefined on inpu
t line 537.


Package natbib Warning: Citation `liu2023libero' on page 10 undefined on input 
line 539.


** Conference Paper **
Before submitting the final camera ready copy, remember to:

 1. Manually equalize the lengths of two columns on the last page
 of your paper;

 2. Ensure that any PostScript and/or PDF output post-processing
 uses only Type 1 fonts and that every step in the generation
 process uses the appropriate paper size.


Package natbib Warning: There were undefined citations.

[10] [11

] [12] [13] (./main_zh.aux)
 ***********
LaTeX2e <2025-11-01>
L3 programming layer <2022/08/05>
 ***********


LaTeX Font Warning: Some font shapes were not available, defaults substituted.


LaTeX Warning: There were undefined references.


LaTeX Warning: Label(s) may have changed. Rerun to get cross-references right.


Package rerunfilecheck Warning: File `main_zh.out' has changed.
(rerunfilecheck)                Rerun to get outlines right
(rerunfilecheck)                or use package `bookmark'.

Package rerunfilecheck Info: Checksums for `main_zh.out':
(rerunfilecheck)             Before: D41D8CD98F00B204E9800998ECF8427E;0
(rerunfilecheck)             After:  943C67E40769E77E43F134454D3BD4ED;2377.
 ) 
Here is how much of TeX's memory you used:
 16525 strings out of 468173
 336862 string characters out of 5435521
 857476 words of memory out of 5000000
 44984 multiletter control sequences out of 15000+600000
 638435 words of font info for 141 fonts, out of 8000000 for 9000
 1348 hyphenation exceptions out of 8191
 74i,14n,92p,718b,460s stack positions out of 10000i,1000n,20000p,200000b,200000s

Output written on main_zh.pdf (13 pages).
